Looking in indexes: https://pypi.org/simple, https://download.pytorch.org/whl/cpu
Requirement already satisfied: numpy<3,>=1.26 in d:\sliit life\research\dyslexia app release\dyslexia app release\backend\ms-photo-based spelling, cv, stt, nlp, multisensory feedback\.venv\lib\site-packages (from -r requirements.txt (line 1)) (2.4.4)
Requirement already satisfied: torch in d:\sliit life\research\dyslexia app release\dyslexia app release\backend\ms-photo-based spelling, cv, stt, nlp, multisensory feedback\.venv\lib\site-packages (from -r requirements.txt (line 3)) (2.11.0+cpu)
Requirement already satisfied: fastapi in d:\sliit life\research\dyslexia app release\dyslexia app release\backend\ms-photo-based spelling, cv, stt, nlp, multisensory feedback\.venv\lib\site-packages (from -r requirements.txt (line 4)) (0.136.0)
Requirement already satisfied: ultralytics in d:\sliit life\research\dyslexia app release\dyslexia app release\backend\ms-photo-based spelling, cv, stt, nlp, multisensory feedback\.venv\lib\site-packages (from -r requirements.txt (line 6)) (8.4.41)
Requirement already satisfied: faster-whisper in d:\sliit life\research\dyslexia app release\dyslexia app release\backend\ms-photo-based spelling, cv, stt, nlp, multisensory feedback\.venv\lib\site-packages (from -r requirements.txt (line 7)) (1.2.1)
Requirement already satisfied: python-multipart in d:\sliit life\research\dyslexia app release\dyslexia app release\backend\ms-photo-based spelling, cv, stt, nlp, multisensory feedback\.venv\lib\site-packages (from -r requirements.txt (line 8)) (0.0.26)
Requirement already satisfied: pydub in d:\sliit life\research\dyslexia app release\dyslexia app release\backend\ms-photo-based spelling, cv, stt, nlp, multisensory feedback\.venv\lib\site-packages (from -r requirements.txt (line 9)) (0.25.1)
Requirement already satisfied: pillow in d:\sliit life\research\dyslexia app release\dyslexia app release\backend\ms-photo-based spelling, cv, stt, nlp, multisensory feedback\.venv\lib\site-packages (from -r requirements.txt (line 10)) (12.2.0)
Requirement already satisfied: pymongo in d:\sliit life\research\dyslexia app release\dyslexia app release\backend\ms-photo-based spelling, cv, stt, nlp, multisensory feedback\.venv\lib\site-packages (from -r requirements.txt (line 11)) (4.17.0)
Requirement already satisfied: dnspython in d:\sliit life\research\dyslexia app release\dyslexia app release\backend\ms-photo-based spelling, cv, stt, nlp, multisensory feedback\.venv\lib\site-packages (from -r requirements.txt (line 12)) (2.8.0)
Requirement already satisfied: python-dotenv in d:\sliit life\research\dyslexia app release\dyslexia app release\backend\ms-photo-based spelling, cv, stt, nlp, multisensory feedback\.venv\lib\site-packages (from -r requirements.txt (line 13)) (1.2.2)
Requirement already satisfied: certifi in d:\sliit life\research\dyslexia app release\dyslexia app release\backend\ms-photo-based spelling, cv, stt, nlp, multisensory feedback\.venv\lib\site-packages (from -r requirements.txt (line 14)) (2026.4.22)
Requirement already satisfied: gunicorn in d:\sliit life\research\dyslexia app release\dyslexia app release\backend\ms-photo-based spelling, cv, stt, nlp, multisensory feedback\.venv\lib\site-packages (from -r requirements.txt (line 15)) (25.3.0)
Requirement already satisfied: imageio-ffmpeg in d:\sliit life\research\dyslexia app release\dyslexia app release\backend\ms-photo-based spelling, cv, stt, nlp, multisensory feedback\.venv\lib\site-packages (from -r requirements.txt (line 16)) (0.6.0)
Requirement already satisfied: uvicorn[standard] in d:\sliit life\research\dyslexia app release\dyslexia app release\backend\ms-photo-based spelling, cv, stt, nlp, multisensory feedback\.venv\lib\site-packages (from -r requirements.txt (line 5)) (0.46.0)
Requirement already satisfied: filelock in d:\sliit life\research\dyslexia app release\dyslexia app release\backend\ms-photo-based spelling, cv, stt, nlp, multisensory feedback\.venv\lib\site-packages (from torch->-r requirements.txt (line 3)) (3.29.0)
Requirement already satisfied: typing-extensions>=4.10.0 in d:\sliit life\research\dyslexia app release\dyslexia app release\backend\ms-photo-based spelling, cv, stt, nlp, multisensory feedback\.venv\lib\site-packages (from torch->-r requirements.txt (line 3)) (4.15.0)
Requirement already satisfied: setuptools<82 in d:\sliit life\research\dyslexia app release\dyslexia app release\backend\ms-photo-based spelling, cv, stt, nlp, multisensory feedback\.venv\lib\site-packages (from torch->-r requirements.txt (line 3)) (65.5.0)
Requirement already satisfied: sympy>=1.13.3 in d:\sliit life\research\dyslexia app release\dyslexia app release\backend\ms-photo-based spelling, cv, stt, nlp, multisensory feedback\.venv\lib\site-packages (from torch->-r requirements.txt (line 3)) (1.14.0)
Requirement already satisfied: networkx>=2.5.1 in d:\sliit life\research\dyslexia app release\dyslexia app release\backend\ms-photo-based spelling, cv, stt, nlp, multisensory feedback\.venv\lib\site-packages (from torch->-r requirements.txt (line 3)) (3.6.1)
Requirement already satisfied: jinja2 in d:\sliit life\research\dyslexia app release\dyslexia app release\backend\ms-photo-based spelling, cv, stt, nlp, multisensory feedback\.venv\lib\site-packages (from torch->-r requirements.txt (line 3)) (3.1.6)
Requirement already satisfied: fsspec>=0.8.5 in d:\sliit life\research\dyslexia app release\dyslexia app release\backend\ms-photo-based spelling, cv, stt, nlp, multisensory feedback\.venv\lib\site-packages (from torch->-r requirements.txt (line 3)) (2026.3.0)
Requirement already satisfied: starlette>=0.46.0 in d:\sliit life\research\dyslexia app release\dyslexia app release\backend\ms-photo-based spelling, cv, stt, nlp, multisensory feedback\.venv\lib\site-packages (from fastapi->-r requirements.txt (line 4)) (1.0.0)
Requirement already satisfied: pydantic>=2.9.0 in d:\sliit life\research\dyslexia app release\dyslexia app release\backend\ms-photo-based spelling, cv, stt, nlp, multisensory feedback\.venv\lib\site-packages (from fastapi->-r requirements.txt (line 4)) (2.13.3)
Requirement already satisfied: typing-inspection>=0.4.2 in d:\sliit life\research\dyslexia app release\dyslexia app release\backend\ms-photo-based spelling, cv, stt, nlp, multisensory feedback\.venv\lib\site-packages (from fastapi->-r requirements.txt (line 4)) (0.4.2)
Requirement already satisfied: annotated-doc>=0.0.2 in d:\sliit life\research\dyslexia app release\dyslexia app release\backend\ms-photo-based spelling, cv, stt, nlp, multisensory feedback\.venv\lib\site-packages (from fastapi->-r requirements.txt (line 4)) (0.0.4)
Requirement already satisfied: click>=7.0 in d:\sliit life\research\dyslexia app release\dyslexia app release\backend\ms-photo-based spelling, cv, stt, nlp, multisensory feedback\.venv\lib\site-packages (from uvicorn[standard]->-r requirements.txt (line 5)) (8.3.3)
Requirement already satisfied: h11>=0.8 in d:\sliit life\research\dyslexia app release\dyslexia app release\backend\ms-photo-based spelling, cv, stt, nlp, multisensory feedback\.venv\lib\site-packages (from uvicorn[standard]->-r requirements.txt (line 5)) (0.16.0)
Requirement already satisfied: colorama>=0.4 in d:\sliit life\research\dyslexia app release\dyslexia app release\backend\ms-photo-based spelling, cv, stt, nlp, multisensory feedback\.venv\lib\site-packages (from uvicorn[standard]->-r requirements.txt (line 5)) (0.4.6)
Requirement already satisfied: httptools>=0.6.3 in d:\sliit life\research\dyslexia app release\dyslexia app release\backend\ms-photo-based spelling, cv, stt, nlp, multisensory feedback\.venv\lib\site-packages (from uvicorn[standard]->-r requirements.txt (line 5)) (0.7.1)
Requirement already satisfied: pyyaml>=5.1 in d:\sliit life\research\dyslexia app release\dyslexia app release\backend\ms-photo-based spelling, cv, stt, nlp, multisensory feedback\.venv\lib\site-packages (from uvicorn[standard]->-r requirements.txt (line 5)) (6.0.3)
Requirement already satisfied: watchfiles>=0.20 in d:\sliit life\research\dyslexia app release\dyslexia app release\backend\ms-photo-based spelling, cv, stt, nlp, multisensory feedback\.venv\lib\site-packages (from uvicorn[standard]->-r requirements.txt (line 5)) (1.1.1)
Requirement already satisfied: websockets>=10.4 in d:\sliit life\research\dyslexia app release\dyslexia app release\backend\ms-photo-based spelling, cv, stt, nlp, multisensory feedback\.venv\lib\site-packages (from uvicorn[standard]->-r requirements.txt (line 5)) (16.0)
Requirement already satisfied: matplotlib>=3.3.0 in d:\sliit life\research\dyslexia app release\dyslexia app release\backend\ms-photo-based spelling, cv, stt, nlp, multisensory feedback\.venv\lib\site-packages (from ultralytics->-r requirements.txt (line 6)) (3.10.8)
Requirement already satisfied: opencv-python>=4.6.0 in d:\sliit life\research\dyslexia app release\dyslexia app release\backend\ms-photo-based spelling, cv, stt, nlp, multisensory feedback\.venv\lib\site-packages (from ultralytics->-r requirements.txt (line 6)) (4.13.0.92)
Requirement already satisfied: requests>=2.23.0 in d:\sliit life\research\dyslexia app release\dyslexia app release\backend\ms-photo-based spelling, cv, stt, nlp, multisensory feedback\.venv\lib\site-packages (from ultralytics->-r requirements.txt (line 6)) (2.33.1)
Requirement already satisfied: scipy>=1.4.1 in d:\sliit life\research\dyslexia app release\dyslexia app release\backend\ms-photo-based spelling, cv, stt, nlp, multisensory feedback\.venv\lib\site-packages (from ultralytics->-r requirements.txt (line 6)) (1.17.1)
Requirement already satisfied: torchvision>=0.9.0 in d:\sliit life\research\dyslexia app release\dyslexia app release\backend\ms-photo-based spelling, cv, stt, nlp, multisensory feedback\.venv\lib\site-packages (from ultralytics->-r requirements.txt (line 6)) (0.26.0+cpu)
Requirement already satisfied: psutil>=5.8.0 in d:\sliit life\research\dyslexia app release\dyslexia app release\backend\ms-photo-based spelling, cv, stt, nlp, multisensory feedback\.venv\lib\site-packages (from ultralytics->-r requirements.txt (line 6)) (7.2.2)
Requirement already satisfied: polars>=0.20.0 in d:\sliit life\research\dyslexia app release\dyslexia app release\backend\ms-photo-based spelling, cv, stt, nlp, multisensory feedback\.venv\lib\site-packages (from ultralytics->-r requirements.txt (line 6)) (1.40.1)
Requirement already satisfied: ultralytics-thop>=2.0.18 in d:\sliit life\research\dyslexia app release\dyslexia app release\backend\ms-photo-based spelling, cv, stt, nlp, multisensory feedback\.venv\lib\site-packages (from ultralytics->-r requirements.txt (line 6)) (2.0.18)
Requirement already satisfied: ctranslate2<5,>=4.0 in d:\sliit life\research\dyslexia app release\dyslexia app release\backend\ms-photo-based spelling, cv, stt, nlp, multisensory feedback\.venv\lib\site-packages (from faster-whisper->-r requirements.txt (line 7)) (4.7.1)
Requirement already satisfied: huggingface-hub>=0.21 in d:\sliit life\research\dyslexia app release\dyslexia app release\backend\ms-photo-based spelling, cv, stt, nlp, multisensory feedback\.venv\lib\site-packages (from faster-whisper->-r requirements.txt (line 7)) (1.11.0)
Requirement already satisfied: tokenizers<1,>=0.13 in d:\sliit life\research\dyslexia app release\dyslexia app release\backend\ms-photo-based spelling, cv, stt, nlp, multisensory feedback\.venv\lib\site-packages (from faster-whisper->-r requirements.txt (line 7)) (0.22.2)
Requirement already satisfied: onnxruntime<2,>=1.14 in d:\sliit life\research\dyslexia app release\dyslexia app release\backend\ms-photo-based spelling, cv, stt, nlp, multisensory feedback\.venv\lib\site-packages (from faster-whisper->-r requirements.txt (line 7)) (1.25.0)
Requirement already satisfied: av>=11 in d:\sliit life\research\dyslexia app release\dyslexia app release\backend\ms-photo-based spelling, cv, stt, nlp, multisensory feedback\.venv\lib\site-packages (from faster-whisper->-r requirements.txt (line 7)) (17.0.1)
Requirement already satisfied: tqdm in d:\sliit life\research\dyslexia app release\dyslexia app release\backend\ms-photo-based spelling, cv, stt, nlp, multisensory feedback\.venv\lib\site-packages (from faster-whisper->-r requirements.txt (line 7)) (4.67.3)
Requirement already satisfied: packaging in d:\sliit life\research\dyslexia app release\dyslexia app release\backend\ms-photo-based spelling, cv, stt, nlp, multisensory feedback\.venv\lib\site-packages (from gunicorn->-r requirements.txt (line 15)) (26.1)
Requirement already satisfied: hf-xet<2.0.0,>=1.4.3 in d:\sliit life\research\dyslexia app release\dyslexia app release\backend\ms-photo-based spelling, cv, stt, nlp, multisensory feedback\.venv\lib\site-packages (from huggingface-hub>=0.21->faster-whisper->-r requirements.txt (line 7)) (1.4.3)
Requirement already satisfied: httpx<1,>=0.23.0 in d:\sliit life\research\dyslexia app release\dyslexia app release\backend\ms-photo-based spelling, cv, stt, nlp, multisensory feedback\.venv\lib\site-packages (from huggingface-hub>=0.21->faster-whisper->-r requirements.txt (line 7)) (0.28.1)
Requirement already satisfied: typer in d:\sliit life\research\dyslexia app release\dyslexia app release\backend\ms-photo-based spelling, cv, stt, nlp, multisensory feedback\.venv\lib\site-packages (from huggingface-hub>=0.21->faster-whisper->-r requirements.txt (line 7)) (0.24.2)
Requirement already satisfied: contourpy>=1.0.1 in d:\sliit life\research\dyslexia app release\dyslexia app release\backend\ms-photo-based spelling, cv, stt, nlp, multisensory feedback\.venv\lib\site-packages (from matplotlib>=3.3.0->ultralytics->-r requirements.txt (line 6)) (1.3.3)
Requirement already satisfied: cycler>=0.10 in d:\sliit life\research\dyslexia app release\dyslexia app release\backend\ms-photo-based spelling, cv, stt, nlp, multisensory feedback\.venv\lib\site-packages (from matplotlib>=3.3.0->ultralytics->-r requirements.txt (line 6)) (0.12.1)
Requirement already satisfied: fonttools>=4.22.0 in d:\sliit life\research\dyslexia app release\dyslexia app release\backend\ms-photo-based spelling, cv, stt, nlp, multisensory feedback\.venv\lib\site-packages (from matplotlib>=3.3.0->ultralytics->-r requirements.txt (line 6)) (4.62.1)
Requirement already satisfied: kiwisolver>=1.3.1 in d:\sliit life\research\dyslexia app release\dyslexia app release\backend\ms-photo-based spelling, cv, stt, nlp, multisensory feedback\.venv\lib\site-packages (from matplotlib>=3.3.0->ultralytics->-r requirements.txt (line 6)) (1.5.0)
Requirement already satisfied: pyparsing>=3 in d:\sliit life\research\dyslexia app release\dyslexia app release\backend\ms-photo-based spelling, cv, stt, nlp, multisensory feedback\.venv\lib\site-packages (from matplotlib>=3.3.0->ultralytics->-r requirements.txt (line 6)) (3.3.2)
Requirement already satisfied: python-dateutil>=2.7 in d:\sliit life\research\dyslexia app release\dyslexia app release\backend\ms-photo-based spelling, cv, stt, nlp, multisensory feedback\.venv\lib\site-packages (from matplotlib>=3.3.0->ultralytics->-r requirements.txt (line 6)) (2.9.0.post0)
Requirement already satisfied: flatbuffers in d:\sliit life\research\dyslexia app release\dyslexia app release\backend\ms-photo-based spelling, cv, stt, nlp, multisensory feedback\.venv\lib\site-packages (from onnxruntime<2,>=1.14->faster-whisper->-r requirements.txt (line 7)) (25.12.19)
Requirement already satisfied: protobuf in d:\sliit life\research\dyslexia app release\dyslexia app release\backend\ms-photo-based spelling, cv, stt, nlp, multisensory feedback\.venv\lib\site-packages (from onnxruntime<2,>=1.14->faster-whisper->-r requirements.txt (line 7)) (7.34.1)
Requirement already satisfied: polars-runtime-32==1.40.1 in d:\sliit life\research\dyslexia app release\dyslexia app release\backend\ms-photo-based spelling, cv, stt, nlp, multisensory feedback\.venv\lib\site-packages (from polars>=0.20.0->ultralytics->-r requirements.txt (line 6)) (1.40.1)
Requirement already satisfied: annotated-types>=0.6.0 in d:\sliit life\research\dyslexia app release\dyslexia app release\backend\ms-photo-based spelling, cv, stt, nlp, multisensory feedback\.venv\lib\site-packages (from pydantic>=2.9.0->fastapi->-r requirements.txt (line 4)) (0.7.0)
Requirement already satisfied: pydantic-core==2.46.3 in d:\sliit life\research\dyslexia app release\dyslexia app release\backend\ms-photo-based spelling, cv, stt, nlp, multisensory feedback\.venv\lib\site-packages (from pydantic>=2.9.0->fastapi->-r requirements.txt (line 4)) (2.46.3)
Requirement already satisfied: charset_normalizer<4,>=2 in d:\sliit life\research\dyslexia app release\dyslexia app release\backend\ms-photo-based spelling, cv, stt, nlp, multisensory feedback\.venv\lib\site-packages (from requests>=2.23.0->ultralytics->-r requirements.txt (line 6)) (3.4.7)
Requirement already satisfied: idna<4,>=2.5 in d:\sliit life\research\dyslexia app release\dyslexia app release\backend\ms-photo-based spelling, cv, stt, nlp, multisensory feedback\.venv\lib\site-packages (from requests>=2.23.0->ultralytics->-r requirements.txt (line 6)) (3.13)
Requirement already satisfied: urllib3<3,>=1.26 in d:\sliit life\research\dyslexia app release\dyslexia app release\backend\ms-photo-based spelling, cv, stt, nlp, multisensory feedback\.venv\lib\site-packages (from requests>=2.23.0->ultralytics->-r requirements.txt (line 6)) (2.6.3)
Requirement already satisfied: anyio<5,>=3.6.2 in d:\sliit life\research\dyslexia app release\dyslexia app release\backend\ms-photo-based spelling, cv, stt, nlp, multisensory feedback\.venv\lib\site-packages (from starlette>=0.46.0->fastapi->-r requirements.txt (line 4)) (4.13.0)
Requirement already satisfied: mpmath<1.4,>=1.1.0 in d:\sliit life\research\dyslexia app release\dyslexia app release\backend\ms-photo-based spelling, cv, stt, nlp, multisensory feedback\.venv\lib\site-packages (from sympy>=1.13.3->torch->-r requirements.txt (line 3)) (1.3.0)
Requirement already satisfied: MarkupSafe>=2.0 in d:\sliit life\research\dyslexia app release\dyslexia app release\backend\ms-photo-based spelling, cv, stt, nlp, multisensory feedback\.venv\lib\site-packages (from jinja2->torch->-r requirements.txt (line 3)) (3.0.3)
Requirement already satisfied: httpcore==1.* in d:\sliit life\research\dyslexia app release\dyslexia app release\backend\ms-photo-based spelling, cv, stt, nlp, multisensory feedback\.venv\lib\site-packages (from httpx<1,>=0.23.0->huggingface-hub>=0.21->faster-whisper->-r requirements.txt (line 7)) (1.0.9)
Requirement already satisfied: six>=1.5 in d:\sliit life\research\dyslexia app release\dyslexia app release\backend\ms-photo-based spelling, cv, stt, nlp, multisensory feedback\.venv\lib\site-packages (from python-dateutil>=2.7->matplotlib>=3.3.0->ultralytics->-r requirements.txt (line 6)) (1.17.0)
Requirement already satisfied: shellingham>=1.3.0 in d:\sliit life\research\dyslexia app release\dyslexia app release\backend\ms-photo-based spelling, cv, stt, nlp, multisensory feedback\.venv\lib\site-packages (from typer->huggingface-hub>=0.21->faster-whisper->-r requirements.txt (line 7)) (1.5.4)
Requirement already satisfied: rich>=12.3.0 in d:\sliit life\research\dyslexia app release\dyslexia app release\backend\ms-photo-based spelling, cv, stt, nlp, multisensory feedback\.venv\lib\site-packages (from typer->huggingface-hub>=0.21->faster-whisper->-r requirements.txt (line 7)) (15.0.0)
Requirement already satisfied: markdown-it-py>=2.2.0 in d:\sliit life\research\dyslexia app release\dyslexia app release\backend\ms-photo-based spelling, cv, stt, nlp, multisensory feedback\.venv\lib\site-packages (from rich>=12.3.0->typer->huggingface-hub>=0.21->faster-whisper->-r requirements.txt (line 7)) (4.0.0)
Requirement already satisfied: pygments<3.0.0,>=2.13.0 in d:\sliit life\research\dyslexia app release\dyslexia app release\backend\ms-photo-based spelling, cv, stt, nlp, multisensory feedback\.venv\lib\site-packages (from rich>=12.3.0->typer->huggingface-hub>=0.21->faster-whisper->-r requirements.txt (line 7)) (2.20.0)
Requirement already satisfied: mdurl~=0.1 in d:\sliit life\research\dyslexia app release\dyslexia app release\backend\ms-photo-based spelling, cv, stt, nlp, multisensory feedback\.venv\lib\site-packages (from markdown-it-py>=2.2.0->rich>=12.3.0->typer->huggingface-hub>=0.21->faster-whisper->-r requirements.txt (line 7)) (0.1.2)

[notice] A new release of pip is available: 24.0 -> 26.0.1
[notice] To update, run: d:\SLIIT LIFE\Research\Dyslexia App Release\Dyslexia App Release\backend\MS-Photo-based spelling, CV, STT, NLP, multisensory feedback\.venv\Scripts\python.exe -m pip install --upgrade pip
