Looking in indexes: https://pypi.org/simple, https://download.pytorch.org/whl/cpu
Collecting numpy<3,>=1.26 (from -r requirements.txt (line 1))
  Using cached numpy-2.4.4-cp311-cp311-win_amd64.whl.metadata (6.6 kB)
Collecting torch (from -r requirements.txt (line 3))
  Using cached https://download-r2.pytorch.org/whl/cpu/torch-2.11.0%2Bcpu-cp311-cp311-win_amd64.whl.metadata (29 kB)
Collecting fastapi (from -r requirements.txt (line 4))
  Using cached fastapi-0.136.0-py3-none-any.whl.metadata (28 kB)
Collecting ultralytics (from -r requirements.txt (line 6))
  Using cached ultralytics-8.4.41-py3-none-any.whl.metadata (39 kB)
Collecting faster-whisper (from -r requirements.txt (line 7))
  Using cached faster_whisper-1.2.1-py3-none-any.whl.metadata (16 kB)
Collecting python-multipart (from -r requirements.txt (line 8))
  Using cached python_multipart-0.0.26-py3-none-any.whl.metadata (2.1 kB)
Collecting pydub (from -r requirements.txt (line 9))
  Using cached pydub-0.25.1-py2.py3-none-any.whl.metadata (1.4 kB)
Collecting pillow (from -r requirements.txt (line 10))
  Using cached pillow-12.2.0-cp311-cp311-win_amd64.whl.metadata (9.0 kB)
Collecting pymongo (from -r requirements.txt (line 11))
  Using cached pymongo-4.17.0-cp311-cp311-win_amd64.whl.metadata (10 kB)
Collecting dnspython (from -r requirements.txt (line 12))
  Using cached dnspython-2.8.0-py3-none-any.whl.metadata (5.7 kB)
Collecting python-dotenv (from -r requirements.txt (line 13))
  Using cached python_dotenv-1.2.2-py3-none-any.whl.metadata (27 kB)
Collecting certifi (from -r requirements.txt (line 14))
  Using cached certifi-2026.4.22-py3-none-any.whl.metadata (2.5 kB)
Collecting gunicorn (from -r requirements.txt (line 15))
  Using cached gunicorn-25.3.0-py3-none-any.whl.metadata (5.5 kB)
Collecting imageio-ffmpeg (from -r requirements.txt (line 16))
  Using cached imageio_ffmpeg-0.6.0-py3-none-win_amd64.whl.metadata (1.5 kB)
Collecting uvicorn[standard] (from -r requirements.txt (line 5))
  Using cached uvicorn-0.46.0-py3-none-any.whl.metadata (6.7 kB)
Collecting filelock (from torch->-r requirements.txt (line 3))
  Using cached filelock-3.29.0-py3-none-any.whl.metadata (2.0 kB)
Collecting typing-extensions>=4.10.0 (from torch->-r requirements.txt (line 3))
  Using cached https://download.pytorch.org/whl/typing_extensions-4.15.0-py3-none-any.whl.metadata (3.3 kB)
Requirement already satisfied: setuptools<82 in d:\sliit life\research\dyslexia app release\dyslexia app release\backend\ms-photo-based spelling, cv, stt, nlp, multisensory feedback\.venv\lib\site-packages (from torch->-r requirements.txt (line 3)) (65.5.0)
Collecting sympy>=1.13.3 (from torch->-r requirements.txt (line 3))
  Using cached sympy-1.14.0-py3-none-any.whl.metadata (12 kB)
Collecting networkx>=2.5.1 (from torch->-r requirements.txt (line 3))
  Downloading networkx-3.6.1-py3-none-any.whl.metadata (6.8 kB)
Collecting jinja2 (from torch->-r requirements.txt (line 3))
  Downloading https://download.pytorch.org/whl/jinja2-3.1.6-py3-none-any.whl.metadata (2.9 kB)
Collecting fsspec>=0.8.5 (from torch->-r requirements.txt (line 3))
  Downloading fsspec-2026.3.0-py3-none-any.whl.metadata (10 kB)
Collecting starlette>=0.46.0 (from fastapi->-r requirements.txt (line 4))
  Using cached starlette-1.0.0-py3-none-any.whl.metadata (6.3 kB)
Collecting pydantic>=2.9.0 (from fastapi->-r requirements.txt (line 4))
  Using cached pydantic-2.13.3-py3-none-any.whl.metadata (108 kB)
Collecting typing-inspection>=0.4.2 (from fastapi->-r requirements.txt (line 4))
  Using cached typing_inspection-0.4.2-py3-none-any.whl.metadata (2.6 kB)
Collecting annotated-doc>=0.0.2 (from fastapi->-r requirements.txt (line 4))
  Using cached annotated_doc-0.0.4-py3-none-any.whl.metadata (6.6 kB)
Collecting click>=7.0 (from uvicorn[standard]->-r requirements.txt (line 5))
  Using cached click-8.3.3-py3-none-any.whl.metadata (2.6 kB)
Collecting h11>=0.8 (from uvicorn[standard]->-r requirements.txt (line 5))
  Using cached h11-0.16.0-py3-none-any.whl.metadata (8.3 kB)
Collecting colorama>=0.4 (from uvicorn[standard]->-r requirements.txt (line 5))
  Using cached https://download.pytorch.org/whl/colorama-0.4.6-py2.py3-none-any.whl (25 kB)
Collecting httptools>=0.6.3 (from uvicorn[standard]->-r requirements.txt (line 5))
  Downloading httptools-0.7.1-cp311-cp311-win_amd64.whl.metadata (3.6 kB)
Collecting pyyaml>=5.1 (from uvicorn[standard]->-r requirements.txt (line 5))
  Downloading pyyaml-6.0.3-cp311-cp311-win_amd64.whl.metadata (2.4 kB)
Collecting watchfiles>=0.20 (from uvicorn[standard]->-r requirements.txt (line 5))
  Downloading watchfiles-1.1.1-cp311-cp311-win_amd64.whl.metadata (5.0 kB)
Collecting websockets>=10.4 (from uvicorn[standard]->-r requirements.txt (line 5))
  Downloading websockets-16.0-cp311-cp311-win_amd64.whl.metadata (7.0 kB)
Collecting matplotlib>=3.3.0 (from ultralytics->-r requirements.txt (line 6))
  Downloading matplotlib-3.10.8-cp311-cp311-win_amd64.whl.metadata (52 kB)
     -------------------------------------- 52.8/52.8 kB 906.2 kB/s eta 0:00:00
Collecting opencv-python>=4.6.0 (from ultralytics->-r requirements.txt (line 6))
  Using cached opencv_python-4.13.0.92-cp37-abi3-win_amd64.whl.metadata (20 kB)
Collecting requests>=2.23.0 (from ultralytics->-r requirements.txt (line 6))
  Using cached requests-2.33.1-py3-none-any.whl.metadata (4.8 kB)
Collecting scipy>=1.4.1 (from ultralytics->-r requirements.txt (line 6))
  Using cached scipy-1.17.1-cp311-cp311-win_amd64.whl.metadata (60 kB)
Collecting torchvision>=0.9.0 (from ultralytics->-r requirements.txt (line 6))
  Downloading https://download-r2.pytorch.org/whl/cpu/torchvision-0.26.0%2Bcpu-cp311-cp311-win_amd64.whl.metadata (5.6 kB)
Collecting psutil>=5.8.0 (from ultralytics->-r requirements.txt (line 6))
  Downloading psutil-7.2.2-cp37-abi3-win_amd64.whl.metadata (22 kB)
Collecting polars>=0.20.0 (from ultralytics->-r requirements.txt (line 6))
  Downloading polars-1.40.1-py3-none-any.whl.metadata (10 kB)
Collecting ultralytics-thop>=2.0.18 (from ultralytics->-r requirements.txt (line 6))
  Downloading ultralytics_thop-2.0.18-py3-none-any.whl.metadata (14 kB)
Collecting ctranslate2<5,>=4.0 (from faster-whisper->-r requirements.txt (line 7))
  Downloading ctranslate2-4.7.1-cp311-cp311-win_amd64.whl.metadata (10 kB)
Collecting huggingface-hub>=0.21 (from faster-whisper->-r requirements.txt (line 7))
  Downloading huggingface_hub-1.11.0-py3-none-any.whl.metadata (14 kB)
Collecting tokenizers<1,>=0.13 (from faster-whisper->-r requirements.txt (line 7))
  Downloading tokenizers-0.22.2-cp39-abi3-win_amd64.whl.metadata (7.4 kB)
Collecting onnxruntime<2,>=1.14 (from faster-whisper->-r requirements.txt (line 7))
  Downloading onnxruntime-1.25.0-cp311-cp311-win_amd64.whl.metadata (5.4 kB)
Collecting av>=11 (from faster-whisper->-r requirements.txt (line 7))
  Downloading av-17.0.1-cp311-abi3-win_amd64.whl.metadata (4.7 kB)
Collecting tqdm (from faster-whisper->-r requirements.txt (line 7))
  Downloading tqdm-4.67.3-py3-none-any.whl.metadata (57 kB)
     ---------------------------------------- 57.7/57.7 kB 1.5 MB/s eta 0:00:00
Collecting packaging (from gunicorn->-r requirements.txt (line 15))
  Using cached packaging-26.1-py3-none-any.whl.metadata (3.5 kB)
Collecting hf-xet<2.0.0,>=1.4.3 (from huggingface-hub>=0.21->faster-whisper->-r requirements.txt (line 7))
  Downloading hf_xet-1.4.3-cp37-abi3-win_amd64.whl.metadata (4.9 kB)
Collecting httpx<1,>=0.23.0 (from huggingface-hub>=0.21->faster-whisper->-r requirements.txt (line 7))
  Downloading httpx-0.28.1-py3-none-any.whl.metadata (7.1 kB)
Collecting typer (from huggingface-hub>=0.21->faster-whisper->-r requirements.txt (line 7))
  Downloading typer-0.24.2-py3-none-any.whl.metadata (15 kB)
Collecting contourpy>=1.0.1 (from matplotlib>=3.3.0->ultralytics->-r requirements.txt (line 6))
  Downloading contourpy-1.3.3-cp311-cp311-win_amd64.whl.metadata (5.5 kB)
Collecting cycler>=0.10 (from matplotlib>=3.3.0->ultralytics->-r requirements.txt (line 6))
  Using cached cycler-0.12.1-py3-none-any.whl.metadata (3.8 kB)
Collecting fonttools>=4.22.0 (from matplotlib>=3.3.0->ultralytics->-r requirements.txt (line 6))
  Downloading fonttools-4.62.1-cp311-cp311-win_amd64.whl.metadata (119 kB)
     -------------------------------------- 119.8/119.8 kB 2.3 MB/s eta 0:00:00
Collecting kiwisolver>=1.3.1 (from matplotlib>=3.3.0->ultralytics->-r requirements.txt (line 6))
  Downloading kiwisolver-1.5.0-cp311-cp311-win_amd64.whl.metadata (5.2 kB)
Collecting pyparsing>=3 (from matplotlib>=3.3.0->ultralytics->-r requirements.txt (line 6))
  Using cached pyparsing-3.3.2-py3-none-any.whl.metadata (5.8 kB)
Collecting python-dateutil>=2.7 (from matplotlib>=3.3.0->ultralytics->-r requirements.txt (line 6))
  Using cached python_dateutil-2.9.0.post0-py2.py3-none-any.whl.metadata (8.4 kB)
Collecting flatbuffers (from onnxruntime<2,>=1.14->faster-whisper->-r requirements.txt (line 7))
  Using cached flatbuffers-25.12.19-py2.py3-none-any.whl.metadata (1.0 kB)
Collecting protobuf (from onnxruntime<2,>=1.14->faster-whisper->-r requirements.txt (line 7))
  Downloading protobuf-7.34.1-cp310-abi3-win_amd64.whl.metadata (595 bytes)
Collecting polars-runtime-32==1.40.1 (from polars>=0.20.0->ultralytics->-r requirements.txt (line 6))
  Downloading polars_runtime_32-1.40.1-cp310-abi3-win_amd64.whl.metadata (1.5 kB)
Collecting annotated-types>=0.6.0 (from pydantic>=2.9.0->fastapi->-r requirements.txt (line 4))
  Using cached annotated_types-0.7.0-py3-none-any.whl.metadata (15 kB)
Collecting pydantic-core==2.46.3 (from pydantic>=2.9.0->fastapi->-r requirements.txt (line 4))
  Downloading pydantic_core-2.46.3-cp311-cp311-win_amd64.whl.metadata (6.7 kB)
Collecting charset_normalizer<4,>=2 (from requests>=2.23.0->ultralytics->-r requirements.txt (line 6))
  Using cached charset_normalizer-3.4.7-cp311-cp311-win_amd64.whl.metadata (41 kB)
Collecting idna<4,>=2.5 (from requests>=2.23.0->ultralytics->-r requirements.txt (line 6))
  Using cached idna-3.13-py3-none-any.whl.metadata (8.0 kB)
Collecting urllib3<3,>=1.26 (from requests>=2.23.0->ultralytics->-r requirements.txt (line 6))
  Using cached urllib3-2.6.3-py3-none-any.whl.metadata (6.9 kB)
Collecting anyio<5,>=3.6.2 (from starlette>=0.46.0->fastapi->-r requirements.txt (line 4))
  Using cached anyio-4.13.0-py3-none-any.whl.metadata (4.5 kB)
Collecting mpmath<1.4,>=1.1.0 (from sympy>=1.13.3->torch->-r requirements.txt (line 3))
  Downloading mpmath-1.3.0-py3-none-any.whl.metadata (8.6 kB)
Collecting MarkupSafe>=2.0 (from jinja2->torch->-r requirements.txt (line 3))
  Downloading https://download.pytorch.org/whl/markupsafe-3.0.3-cp311-cp311-win_amd64.whl.metadata (2.8 kB)
Collecting httpcore==1.* (from httpx<1,>=0.23.0->huggingface-hub>=0.21->faster-whisper->-r requirements.txt (line 7))
  Downloading httpcore-1.0.9-py3-none-any.whl.metadata (21 kB)
Collecting six>=1.5 (from python-dateutil>=2.7->matplotlib>=3.3.0->ultralytics->-r requirements.txt (line 6))
  Using cached six-1.17.0-py2.py3-none-any.whl.metadata (1.7 kB)
Collecting shellingham>=1.3.0 (from typer->huggingface-hub>=0.21->faster-whisper->-r requirements.txt (line 7))
  Downloading shellingham-1.5.4-py2.py3-none-any.whl.metadata (3.5 kB)
Collecting rich>=12.3.0 (from typer->huggingface-hub>=0.21->faster-whisper->-r requirements.txt (line 7))
  Using cached rich-15.0.0-py3-none-any.whl.metadata (18 kB)
Collecting markdown-it-py>=2.2.0 (from rich>=12.3.0->typer->huggingface-hub>=0.21->faster-whisper->-r requirements.txt (line 7))
  Using cached markdown_it_py-4.0.0-py3-none-any.whl.metadata (7.3 kB)
Collecting pygments<3.0.0,>=2.13.0 (from rich>=12.3.0->typer->huggingface-hub>=0.21->faster-whisper->-r requirements.txt (line 7))
  Using cached pygments-2.20.0-py3-none-any.whl.metadata (2.5 kB)
Collecting mdurl~=0.1 (from markdown-it-py>=2.2.0->rich>=12.3.0->typer->huggingface-hub>=0.21->faster-whisper->-r requirements.txt (line 7))
  Using cached mdurl-0.1.2-py3-none-any.whl.metadata (1.6 kB)
Downloading numpy-2.4.4-cp311-cp311-win_amd64.whl (12.6 MB)
   ---------------------------------------- 12.6/12.6 MB 13.4 MB/s eta 0:00:00
Downloading https://download-r2.pytorch.org/whl/cpu/torch-2.11.0%2Bcpu-cp311-cp311-win_amd64.whl (114.4 MB)
   ---------------------------------------- 114.4/114.4 MB 2.8 MB/s eta 0:00:00
Using cached fastapi-0.136.0-py3-none-any.whl (117 kB)
Downloading ultralytics-8.4.41-py3-none-any.whl (1.2 MB)
   ---------------------------------------- 1.2/1.2 MB 9.7 MB/s eta 0:00:00
Downloading faster_whisper-1.2.1-py3-none-any.whl (1.1 MB)
   ---------------------------------------- 1.1/1.1 MB 11.9 MB/s eta 0:00:00
Downloading python_multipart-0.0.26-py3-none-any.whl (28 kB)
Downloading pydub-0.25.1-py2.py3-none-any.whl (32 kB)
Using cached pillow-12.2.0-cp311-cp311-win_amd64.whl (7.1 MB)
Using cached pymongo-4.17.0-cp311-cp311-win_amd64.whl (867 kB)
Using cached dnspython-2.8.0-py3-none-any.whl (331 kB)
Using cached python_dotenv-1.2.2-py3-none-any.whl (22 kB)
Using cached certifi-2026.4.22-py3-none-any.whl (135 kB)
Using cached gunicorn-25.3.0-py3-none-any.whl (208 kB)
Downloading imageio_ffmpeg-0.6.0-py3-none-win_amd64.whl (31.2 MB)
   ---------------------------------------- 31.2/31.2 MB 18.2 MB/s eta 0:00:00
Using cached annotated_doc-0.0.4-py3-none-any.whl (5.3 kB)
Downloading av-17.0.1-cp311-abi3-win_amd64.whl (28.9 MB)
   ---------------------------------------- 28.9/28.9 MB 12.1 MB/s eta 0:00:00
Using cached click-8.3.3-py3-none-any.whl (110 kB)
Downloading ctranslate2-4.7.1-cp311-cp311-win_amd64.whl (18.8 MB)
   ---------------------------------------- 18.8/18.8 MB 10.2 MB/s eta 0:00:00
Downloading fsspec-2026.3.0-py3-none-any.whl (202 kB)
   --------------------------------------- 202.6/202.6 kB 12.0 MB/s eta 0:00:00
Using cached h11-0.16.0-py3-none-any.whl (37 kB)
Downloading httptools-0.7.1-cp311-cp311-win_amd64.whl (86 kB)
   ---------------------------------------- 86.9/86.9 kB ? eta 0:00:00
Downloading huggingface_hub-1.11.0-py3-none-any.whl (645 kB)
   --------------------------------------- 645.5/645.5 kB 13.8 MB/s eta 0:00:00
Downloading filelock-3.29.0-py3-none-any.whl (39 kB)
Downloading matplotlib-3.10.8-cp311-cp311-win_amd64.whl (8.1 MB)
   ---------------------------------------- 8.1/8.1 MB 26.0 MB/s eta 0:00:00
Downloading networkx-3.6.1-py3-none-any.whl (2.1 MB)
   ---------------------------------------- 2.1/2.1 MB 18.9 MB/s eta 0:00:00
Downloading onnxruntime-1.25.0-cp311-cp311-win_amd64.whl (12.9 MB)
   ---------------------------------------- 12.9/12.9 MB 17.7 MB/s eta 0:00:00
Using cached opencv_python-4.13.0.92-cp37-abi3-win_amd64.whl (40.2 MB)
Using cached packaging-26.1-py3-none-any.whl (95 kB)
Downloading polars-1.40.1-py3-none-any.whl (828 kB)
   --------------------------------------- 828.7/828.7 kB 17.4 MB/s eta 0:00:00
Downloading polars_runtime_32-1.40.1-cp310-abi3-win_amd64.whl (51.8 MB)
   ---------------------------------------- 51.8/51.8 MB 11.5 MB/s eta 0:00:00
Downloading psutil-7.2.2-cp37-abi3-win_amd64.whl (137 kB)
   ---------------------------------------- 137.7/137.7 kB 8.0 MB/s eta 0:00:00
Using cached pydantic-2.13.3-py3-none-any.whl (471 kB)
Downloading pydantic_core-2.46.3-cp311-cp311-win_amd64.whl (2.1 MB)
   ---------------------------------------- 2.1/2.1 MB 12.0 MB/s eta 0:00:00
Downloading pyyaml-6.0.3-cp311-cp311-win_amd64.whl (158 kB)
   ---------------------------------------- 158.8/158.8 kB 9.3 MB/s eta 0:00:00
Using cached requests-2.33.1-py3-none-any.whl (64 kB)
Downloading scipy-1.17.1-cp311-cp311-win_amd64.whl (36.6 MB)
   ---------------------------------------- 36.6/36.6 MB 9.5 MB/s eta 0:00:00
Using cached starlette-1.0.0-py3-none-any.whl (72 kB)
Downloading sympy-1.14.0-py3-none-any.whl (6.3 MB)
   ---------------------------------------- 6.3/6.3 MB 11.2 MB/s eta 0:00:00
Downloading tokenizers-0.22.2-cp39-abi3-win_amd64.whl (2.7 MB)
   ---------------------------------------- 2.7/2.7 MB 12.5 MB/s eta 0:00:00
Downloading https://download-r2.pytorch.org/whl/cpu/torchvision-0.26.0%2Bcpu-cp311-cp311-win_amd64.whl (4.0 MB)
   ---------------------------------------- 4.0/4.0 MB 3.9 MB/s eta 0:00:00
Downloading tqdm-4.67.3-py3-none-any.whl (78 kB)
   ---------------------------------------- 78.4/78.4 kB 2.2 MB/s eta 0:00:00
Downloading https://download.pytorch.org/whl/typing_extensions-4.15.0-py3-none-any.whl (44 kB)
   ---------------------------------------- 44.6/44.6 kB 2.3 MB/s eta 0:00:00
Using cached typing_inspection-0.4.2-py3-none-any.whl (14 kB)
Downloading ultralytics_thop-2.0.18-py3-none-any.whl (28 kB)
Downloading watchfiles-1.1.1-cp311-cp311-win_amd64.whl (287 kB)
   --------------------------------------- 287.6/287.6 kB 17.3 MB/s eta 0:00:00
Downloading websockets-16.0-cp311-cp311-win_amd64.whl (178 kB)
   ---------------------------------------- 178.7/178.7 kB ? eta 0:00:00
Downloading https://download.pytorch.org/whl/jinja2-3.1.6-py3-none-any.whl (134 kB)
   ---------------------------------------- 134.9/134.9 kB ? eta 0:00:00
Using cached uvicorn-0.46.0-py3-none-any.whl (70 kB)
Using cached annotated_types-0.7.0-py3-none-any.whl (13 kB)
Using cached anyio-4.13.0-py3-none-any.whl (114 kB)
Using cached charset_normalizer-3.4.7-cp311-cp311-win_amd64.whl (159 kB)
Downloading contourpy-1.3.3-cp311-cp311-win_amd64.whl (225 kB)
   --------------------------------------- 225.2/225.2 kB 14.3 MB/s eta 0:00:00
Using cached cycler-0.12.1-py3-none-any.whl (8.3 kB)
Downloading fonttools-4.62.1-cp311-cp311-win_amd64.whl (2.3 MB)
   ---------------------------------------- 2.3/2.3 MB 16.7 MB/s eta 0:00:00
Downloading hf_xet-1.4.3-cp37-abi3-win_amd64.whl (3.7 MB)
   ---------------------------------------- 3.7/3.7 MB 19.6 MB/s eta 0:00:00
Downloading httpx-0.28.1-py3-none-any.whl (73 kB)
   ---------------------------------------- 73.5/73.5 kB 4.0 MB/s eta 0:00:00
Downloading httpcore-1.0.9-py3-none-any.whl (78 kB)
   ---------------------------------------- 78.8/78.8 kB ? eta 0:00:00
Using cached idna-3.13-py3-none-any.whl (68 kB)
Downloading kiwisolver-1.5.0-cp311-cp311-win_amd64.whl (73 kB)
   ---------------------------------------- 73.5/73.5 kB ? eta 0:00:00
Downloading https://download.pytorch.org/whl/markupsafe-3.0.3-cp311-cp311-win_amd64.whl (15 kB)
Downloading mpmath-1.3.0-py3-none-any.whl (536 kB)
   --------------------------------------- 536.2/536.2 kB 16.4 MB/s eta 0:00:00
Using cached pyparsing-3.3.2-py3-none-any.whl (122 kB)
Using cached python_dateutil-2.9.0.post0-py2.py3-none-any.whl (229 kB)
Using cached urllib3-2.6.3-py3-none-any.whl (131 kB)
Using cached flatbuffers-25.12.19-py2.py3-none-any.whl (26 kB)
Downloading protobuf-7.34.1-cp310-abi3-win_amd64.whl (437 kB)
   --------------------------------------- 437.9/437.9 kB 13.8 MB/s eta 0:00:00
Downloading typer-0.24.2-py3-none-any.whl (55 kB)
   ---------------------------------------- 56.0/56.0 kB 2.9 MB/s eta 0:00:00
Using cached rich-15.0.0-py3-none-any.whl (310 kB)
Downloading shellingham-1.5.4-py2.py3-none-any.whl (9.8 kB)
Using cached six-1.17.0-py2.py3-none-any.whl (11 kB)
Using cached markdown_it_py-4.0.0-py3-none-any.whl (87 kB)
Using cached pygments-2.20.0-py3-none-any.whl (1.2 MB)
Using cached mdurl-0.1.2-py3-none-any.whl (10.0 kB)
Installing collected packages: pydub, mpmath, flatbuffers, websockets, urllib3, typing-extensions, sympy, six, shellingham, pyyaml, python-multipart, python-dotenv, pyparsing, pygments, psutil, protobuf, polars-runtime-32, pillow, packaging, numpy, networkx, mdurl, MarkupSafe, kiwisolver, imageio-ffmpeg, idna, httptools, hf-xet, h11, fsspec, fonttools, filelock, dnspython, cycler, colorama, charset_normalizer, certifi, av, annotated-types, annotated-doc, typing-inspection, tqdm, scipy, requests, python-dateutil, pymongo, pydantic-core, polars, opencv-python, onnxruntime, markdown-it-py, jinja2, httpcore, gunicorn, ctranslate2, contourpy, click, anyio, watchfiles, uvicorn, torch, starlette, rich, pydantic, matplotlib, httpx, ultralytics-thop, typer, torchvision, fastapi, ultralytics, huggingface-hub, tokenizers, faster-whisper
Successfully installed MarkupSafe-3.0.3 annotated-doc-0.0.4 annotated-types-0.7.0 anyio-4.13.0 av-17.0.1 certifi-2026.4.22 charset_normalizer-3.4.7 click-8.3.3 colorama-0.4.6 contourpy-1.3.3 ctranslate2-4.7.1 cycler-0.12.1 dnspython-2.8.0 fastapi-0.136.0 faster-whisper-1.2.1 filelock-3.29.0 flatbuffers-25.12.19 fonttools-4.62.1 fsspec-2026.3.0 gunicorn-25.3.0 h11-0.16.0 hf-xet-1.4.3 httpcore-1.0.9 httptools-0.7.1 httpx-0.28.1 huggingface-hub-1.11.0 idna-3.13 imageio-ffmpeg-0.6.0 jinja2-3.1.6 kiwisolver-1.5.0 markdown-it-py-4.0.0 matplotlib-3.10.8 mdurl-0.1.2 mpmath-1.3.0 networkx-3.6.1 numpy-2.4.4 onnxruntime-1.25.0 opencv-python-4.13.0.92 packaging-26.1 pillow-12.2.0 polars-1.40.1 polars-runtime-32-1.40.1 protobuf-7.34.1 psutil-7.2.2 pydantic-2.13.3 pydantic-core-2.46.3 pydub-0.25.1 pygments-2.20.0 pymongo-4.17.0 pyparsing-3.3.2 python-dateutil-2.9.0.post0 python-dotenv-1.2.2 python-multipart-0.0.26 pyyaml-6.0.3 requests-2.33.1 rich-15.0.0 scipy-1.17.1 shellingham-1.5.4 six-1.17.0 starlette-1.0.0 sympy-1.14.0 tokenizers-0.22.2 torch-2.11.0+cpu torchvision-0.26.0+cpu tqdm-4.67.3 typer-0.24.2 typing-extensions-4.15.0 typing-inspection-0.4.2 ultralytics-8.4.41 ultralytics-thop-2.0.18 urllib3-2.6.3 uvicorn-0.46.0 watchfiles-1.1.1 websockets-16.0

[notice] A new release of pip is available: 24.0 -> 26.0.1
[notice] To update, run: d:\SLIIT LIFE\Research\Dyslexia App Release\Dyslexia App Release\backend\MS-Photo-based spelling, CV, STT, NLP, multisensory feedback\.venv\Scripts\python.exe -m pip install --upgrade pip
